// Jest Snapshot v1, https://goo.gl/fbAQLP

exports[`Layout renders correctly 1`] = `
<div>
  <div
    class="layout"
  >
    <div
      class="layout--strip"
    />
    <section
      class="layout--box layout--box__focused"
      data-testid="layoutBox"
    >
      <div
        class="layout--box-strip"
      />
      <div
        class="layout--box-children"
      >
        <div>
          Layout Children
        </div>
      </div>
    </section>
  </div>
</div>
`;
