// Jest Snapshot v1, https://goo.gl/fbAQLP

exports[`Error renders correctly 1`] = `
<div>
  <p
    class="error "
  >
    Message
  </p>
</div>
`;
